---
source: tests/parser.rs
expression: result
input_file: tests/fixtures/libosmium/t_relations_dupl_member.osm.pbf
---
[
    Skip,
    Skip,
    Skip,
    Create {
        elem: Relation,
        id: 30,
        ts: 1388534400000,
        val: indoc! {r#"
            osmt:type "test";
            osmm:type "r";
            osmm:has osmnode:10;
            osmnode:10 "none";
            osmm:has osmnode:10;
            osmnode:10 "none";
            osmm:has osmnode:11;
            osmnode:11 "none";
            osmm:version "1"^^xsd:integer;
            osmm:user "test";
            osmm:timestamp "2014-01-01 00:00:00 UTC"^^xsd:dateTime;
            osmm:changeset "1"^^xsd:integer.
        "}#",
    },
    Create {
        elem: Relation,
        id: 31,
        ts: 1388534400000,
        val: indoc! {r#"
            osmt:type "test";
            osmm:type "r";
            osmm:has osmnode:10;
            osmnode:10 "none";
            osmm:has osmnode:12;
            osmnode:12 "none";
            osmm:version "1"^^xsd:integer;
            osmm:user "test";
            osmm:timestamp "2014-01-01 00:00:00 UTC"^^xsd:dateTime;
            osmm:changeset "1"^^xsd:integer.
        "}#",
    },
]
