---
source: tests/parser.rs
expression: result
input_file: tests/fixtures/libosmium/examples_t_read_with_progress_data.osm.pbf
---
[
    Skip,
    Skip,
    Skip,
    Skip,
    Create {
        elem: Way,
        id: 701800,
        ts: 1388534400000,
        val: indoc! {r#"
            osmt:test:section "mp-geom";
            osmt:test:id "701";
            osmm:type "w";
            osmm:isClosed "false"^^xsd:boolean;
            osmm:loc "Point(1.0324999636655992 7.11749996506494)"^^geo:wktLiteral;
            osmm:version "1"^^xsd:integer;
            osmm:user "test";
            osmm:timestamp "2014-01-01 00:00:00 UTC"^^xsd:dateTime;
            osmm:changeset "1"^^xsd:integer.
        "}#",
    },
    Create {
        elem: Way,
        id: 701801,
        ts: 1388534400000,
        val: indoc! {r#"
            osmt:test:section "mp-geom";
            osmt:test:id "701";
            osmm:type "w";
            osmm:isClosed "false"^^xsd:boolean;
            osmm:loc "Point(1.01749998215471 7.13249994657583)"^^geo:wktLiteral;
            osmm:version "1"^^xsd:integer;
            osmm:user "test";
            osmm:timestamp "2014-01-01 00:00:00 UTC"^^xsd:dateTime;
            osmm:changeset "1"^^xsd:integer.
        "}#",
    },
    Create {
        elem: Relation,
        id: 701900,
        ts: 1388534400000,
        val: indoc! {r#"
            osmt:type "multipolygon";
            osmt:test:section "mp-geom";
            osmt:test:id "701";
            osmt:landuse "forest";
            osmm:type "r";
            osmm:has osmway:701800;
            osmway:701800 "outer";
            osmm:has osmway:701801;
            osmway:701801 "outer";
            osmm:version "1"^^xsd:integer;
            osmm:user "test";
            osmm:timestamp "2014-01-01 00:00:00 UTC"^^xsd:dateTime;
            osmm:changeset "1"^^xsd:integer.
        "}#",
    },
]
